
> storm-simulation@0.1.0 npx
> tsc --noEmit

src/lib/main/simulation.ts(13,70): error TS2554: Expected 2 arguments, but got 1.
src/lib/main/simulation.ts(35,31): error TS2339: Property 'addProcessedEvent' does not exist on type 'SharedStorage'.
src/lib/main/simulation.ts(51,46): error TS2554: Expected 2 arguments, but got 1.
